2015-01-12 15:05:28.705128 7f8a4ffff700 10 client.4377 send_request client_request(unknown.0:2117 lookup #10000000002/file.mdtest.0.2103 2015-01-12 15:05:28.705100) v2 to mds.0
2015-01-12 15:05:28.705661 7f8a67fff700 10 client.4377 insert_trace from 2015-01-12 15:05:28.705126 mds.0 is_target=0 is_dentry=0
2015-01-12 15:05:28.705673 7f8a67fff700 10 client.4377 insert_trace -- no trace
2015-01-12 15:05:28.705707 7f8a4ffff700 10 client.4377 _do_lookup res is -2
2015-01-12 15:05:28.705721 7f8a4ffff700 10 client.4377 _lookup 10000000002.head(ref=105 ll_ref=2106 cap_refs={} open={} mode=40775 size=0/0 mtime=2015-01-12 15:05:28.701993 caps=pAsLsXsFsx(0=pAsLsXsFsx) parents=0x7f8a480066e0 0x7f8a58018690) file.mdtest.0.2103 = -2
2015-01-12 15:05:28.705747 7f8a4ffff700  3 client.4377 _create(10000000002 file.mdtest.0.2103, 0100664)
2015-01-12 15:05:28.705763 7f8a4ffff700 10 client.4377 choose_target_mds from caps on inode 10000000002.head(ref=106 ll_ref=2106 cap_refs={} open={} mode=40775 size=0/0 mtime=2015-01-12 15:05:28.701993 caps=pAsLsXsFsx(0=pAsLsXsFsx) parents=0x7f8a480066e0 0x7f8a58018690)
2015-01-12 15:05:28.705784 7f8a4ffff700 10 client.4377 send_request rebuilding request 2118 for mds.0
2015-01-12 15:05:28.705794 7f8a4ffff700 10 client.4377 send_request client_request(unknown.0:2118 create #10000000002/file.mdtest.0.2103 2015-01-12 15:05:28.705759) v2 to mds.0
2015-01-12 15:05:28.705911 7f8a67fff700 10 client.4377 put_inode on 10000000002.head(ref=106 ll_ref=2106 cap_refs={} open={} mode=40775 size=0/0 mtime=2015-01-12 15:05:28.701993 caps=pAsLsXsFsx(0=pAsLsXsFsx) parents=0x7f8a480066e0 0x7f8a58018690)
2015-01-12 15:05:28.706609 7f8a67fff700 10 client.4377 insert_trace from 2015-01-12 15:05:28.705792 mds.0 is_target=1 is_dentry=1
2015-01-12 15:05:28.706616 7f8a67fff700 10 client.4377  features 0xffffffffffff
2015-01-12 15:05:28.706620 7f8a67fff700 10 client.4377 update_snap_trace len 48
2015-01-12 15:05:28.706624 7f8a67fff700 10 client.4377 update_snap_trace snaprealm(1 nref=2108 c=0 seq=1 parent=0 my_snaps=[] cached_snapc=0=[]) seq 1 <= 1 and same parent, SKIPPING
2015-01-12 15:05:28.706630 7f8a67fff700 10 client.4377  hrm  is_target=1 is_dentry=1
2015-01-12 15:05:28.706645 7f8a67fff700 10 client.4377 update_inode_file_bits 1000000100c.head(ref=0 ll_ref=0 cap_refs={} open={} mode=100664 size=0/0 mtime=0.000000 caps=- objectset[1000000100c ts 0/0 objects 0 dirty_or_tx 0] 0x7f8a58536250) - mtime 2015-01-12 15:05:28.705759
2015-01-12 15:05:28.706661 7f8a67fff700 10 client.4377 add_update_cap issued - -> pAsxLsXsxFsxcrwb from mds.0 on 1000000100c.head(ref=0 ll_ref=0 cap_refs={} open={} mode=100664 size=0/0 mtime=2015-01-12 15:05:28.705759 caps=pAsxLsXsxFsxcrwb(0=pAsxLsXsxFsxcrwb) objectset[1000000100c ts 0/0 objects 0 dirty_or_tx 0] 0x7f8a58536250)
2015-01-12 15:05:28.706689 7f8a67fff700 10 client.4377 update_inode_file_bits 10000000002.head(ref=105 ll_ref=2106 cap_refs={} open={} mode=40775 size=0/0 mtime=2015-01-12 15:05:28.701993 caps=pAsLsXsFsx(0=pAsLsXsFsx) parents=0x7f8a480066e0 0x7f8a58018690) pAsLsXsFsx mtime 2015-01-12 15:05:28.705759
2015-01-12 15:05:28.706719 7f8a67fff700 10 client.4377 add_update_cap issued pAsLsXsFsx -> pAsLsXsFsx from mds.0 on 10000000002.head(ref=105 ll_ref=2106 cap_refs={} open={} mode=40775 size=0/0 mtime=2015-01-12 15:05:28.705759 caps=pAsLsXsFsx(0=pAsLsXsFsx) parents=0x7f8a480066e0 0x7f8a58018690)
2015-01-12 15:05:28.706744 7f8a67fff700 10 client.4377 put_inode on 1000000100c.head(ref=2 ll_ref=0 cap_refs={} open={} mode=100664 size=0/4194304 mtime=2015-01-12 15:05:28.705759 caps=pAsxLsXsxFsxcrwb(0=pAsxLsXsxFsxcrwb) objectset[1000000100c ts 0/0 objects 0 dirty_or_tx 0] parents=0x7f8a4806d1e0 0x7f8a58536250)
2015-01-12 15:05:28.706794 7f8a4ffff700 10 client.4377 make_request created ino 1000000100c
2015-01-12 15:05:28.706808 7f8a4ffff700 10 client.4377 _create_fh 1000000100c mode 2
2015-01-12 15:05:28.706814 7f8a4ffff700  3 client.4377 create(#10000000002/file.mdtest.0.2103, 0100664 layout 0 0 0) = 0
2015-01-12 15:05:28.706820 7f8a4ffff700 10 client.4377 fill_stat on 1000000100c snap/devhead mode 0100664 mtime 2015-01-12 15:05:28.705759 ctime 2015-01-12 15:05:28.705759
2015-01-12 15:05:28.706831 7f8a4ffff700  3 client.4377 ll_create 0x7f8a58018690 file.mdtest.0.2103 0100664 33345 = 0 (0x7f8a481138a0 1000000100c)
2015-01-12 15:05:28.706850 7f8a4ffff700  3 client.4377 ll_forget 10000000002 1
2015-01-12 15:05:28.706904 7f8a4f7fe700  3 client.4377 ll_getattr 1000000100c.head
2015-01-12 15:05:28.706934 7f8a4f7fe700 10 client.4377 _getattr mask pAsLsXsFs issued=1
2015-01-12 15:05:28.706949 7f8a4f7fe700 10 client.4377 fill_stat on 1000000100c snap/devhead mode 0100664 mtime 2015-01-12 15:05:28.705759 ctime 2015-01-12 15:05:28.705759
2015-01-12 15:05:28.706964 7f8a4f7fe700  3 client.4377 ll_getattr 1000000100c.head = 0
2015-01-12 15:05:28.706984 7f8a4f7fe700  3 client.4377 ll_forget 1000000100c 1
2015-01-12 15:05:28.706998 7f8a4f7fe700  3 client.4377 ll_flush 0x7f8a481138a0 1000000100c 
2015-01-12 15:05:28.707003 7f8a4f7fe700 10 client.4377 _flush: 0x7f8a481138a0 on inode 1000000100c.head(ref=3 ll_ref=1 cap_refs={} open={2=1} mode=100664 size=0/4194304 mtime=2015-01-12 15:05:28.705759 caps=pAsxLsXsxFsxcrwb(0=pAsxLsXsxFsxcrwb) objectset[1000000100c ts 0/0 objects 0 dirty_or_tx 0] parents=0x7f8a4806d1e0 0x7f8a58536250) no async_err state
2015-01-12 15:05:28.707066 7f8a4e7fc700  3 client.4377 ll_release (fh)0x7f8a481138a0 1000000100c 
2015-01-12 15:05:28.707074 7f8a4e7fc700  5 client.4377 _release_fh 0x7f8a481138a0 mode 2 on 1000000100c.head(ref=3 ll_ref=1 cap_refs={} open={2=1} mode=100664 size=0/4194304 mtime=2015-01-12 15:05:28.705759 caps=pAsxLsXsxFsxcrwb(0=pAsxLsXsxFsxcrwb) objectset[1000000100c ts 0/0 objects 0 dirty_or_tx 0] parents=0x7f8a4806d1e0 0x7f8a58536250)
2015-01-12 15:05:28.707098 7f8a4e7fc700 10 client.4377 _flush 1000000100c.head(ref=4 ll_ref=1 cap_refs={} open={2=0} mode=100664 size=0/4194304 mtime=2015-01-12 15:05:28.705759 caps=pAsxLsXsxFsxcrwb(0=pAsxLsXsxFsxcrwb) objectset[1000000100c ts 0/0 objects 0 dirty_or_tx 0] parents=0x7f8a4806d1e0 0x7f8a58536250)
2015-01-12 15:05:28.707120 7f8a4e7fc700 10 client.4377  nothing to flush
2015-01-12 15:05:28.707125 7f8a4e7fc700 10 client.4377 put_inode on 1000000100c.head(ref=4 ll_ref=1 cap_refs={} open={2=0} mode=100664 size=0/4194304 mtime=2015-01-12 15:05:28.705759 caps=pAsxLsXsxFsxcrwb(0=pAsxLsXsxFsxcrwb) objectset[1000000100c ts 0/0 objects 0 dirty_or_tx 0] parents=0x7f8a4806d1e0 0x7f8a58536250)
2015-01-12 15:05:28.707146 7f8a4e7fc700 10 client.4377 check_caps on 1000000100c.head(ref=3 ll_ref=1 cap_refs={1024=0} open={2=0} mode=100664 size=0/4194304 mtime=2015-01-12 15:05:28.705759 caps=pAsxLsXsxFsxcrwb(0=pAsxLsXsxFsxcrwb) objectset[1000000100c ts 0/0 objects 0 dirty_or_tx 0] parents=0x7f8a4806d1e0 0x7f8a58536250) wanted - used - is_delayed=0
2015-01-12 15:05:28.707172 7f8a4e7fc700 10 client.4377 cap_delay_requeue on 1000000100c.head(ref=3 ll_ref=1 cap_refs={1024=0} open={2=0} mode=100664 size=0/4194304 mtime=2015-01-12 15:05:28.705759 caps=pAsxLsXsxFsxcrwb(0=pAsxLsXsxFsxcrwb) objectset[1000000100c ts 0/0 objects 0 dirty_or_tx 0] parents=0x7f8a4806d1e0 0x7f8a58536250)
2015-01-12 15:05:28.707200 7f8a4e7fc700 10 client.4377  cap mds.0 issued pAsxLsXsxFsxcrwb implemented pAsxLsXsxFsxcrwb revoking -
2015-01-12 15:05:28.707212 7f8a4e7fc700 10 client.4377 delaying cap release
2015-01-12 15:05:28.707217 7f8a4e7fc700 10 client.4377 _release_fh 0x7f8a481138a0 on inode 1000000100c.head(ref=3 ll_ref=1 cap_refs={1024=0} open={2=0} mode=100664 size=0/4194304 mtime=2015-01-12 15:05:28.705759 caps=pAsxLsXsxFsxcrwb(0=pAsxLsXsxFsxcrwb) objectset[1000000100c ts 0/0 objects 0 dirty_or_tx 0] parents=0x7f8a4806d1e0 0x7f8a58536250) no async_err state
2015-01-12 15:05:28.707241 7f8a4e7fc700 10 client.4377 put_inode on 1000000100c.head(ref=3 ll_ref=1 cap_refs={1024=0} open={2=0} mode=100664 size=0/4194304 mtime=2015-01-12 15:05:28.705759 caps=pAsxLsXsxFsxcrwb(0=pAsxLsXsxFsxcrwb) objectset[1000000100c ts 0/0 objects 0 dirty_or_tx 0] parents=0x7f8a4806d1e0 0x7f8a58536250)
2015-01-12 15:05:28.707275 7f8a4effd700  3 client.4377 ll_getattr 1.head
2015-01-12 15:05:28.707289 7f8a4effd700 10 client.4377 _getattr mask pAsLsXsFs issued=1
2015-01-12 15:05:28.707297 7f8a4effd700 10 client.4377 fill_stat on 1 snap/devhead mode 040755 mtime 2015-01-12 15:05:23.341682 ctime 2015-01-12 15:05:23.341682
2015-01-12 15:05:28.707308 7f8a4effd700  3 client.4377 ll_getattr 1.head = 0
2015-01-12 15:05:28.707320 7f8a4effd700  3 client.4377 ll_forget 1 1
2015-01-12 15:05:28.707353 7f8a4ffff700  3 client.4377 ll_lookup 0x7f8a5800ad10 dir-0
2015-01-12 15:05:28.707377 7f8a4ffff700 10 client.4377 _lookup 1.head(ref=3 ll_ref=4230 cap_refs={} open={} mode=40755 size=0/0 mtime=2015-01-12 15:05:23.341682 caps=pAsLsXsFs(0=pAsLsXsFs) has_dir_layout 0x7f8a5800ad10) dir-0 = 10000000000.head(ref=3 ll_ref=2108 cap_refs={} open={} mode=40775 size=0/0 mtime=2015-01-12 15:05:23.340195 caps=pAsLsXsFs(0=pAsLsXsFs) COMPLETE parents=0x7f8a48003000 0x7f8a58011ce0)
2015-01-12 15:05:28.707408 7f8a4ffff700 10 client.4377 fill_stat on 10000000000 snap/devhead mode 040775 mtime 2015-01-12 15:05:23.340195 ctime 2015-01-12 15:05:23.340195
2015-01-12 15:05:28.707418 7f8a4ffff700  3 client.4377 ll_lookup 0x7f8a5800ad10 dir-0 -> 0 (10000000000)
2015-01-12 15:05:28.707429 7f8a4ffff700  3 client.4377 ll_forget 1 1
2015-01-12 15:05:28.707460 7f8a4f7fe700  3 client.4377 ll_getattr 10000000000.head
2015-01-12 15:05:28.707475 7f8a4f7fe700 10 client.4377 _getattr mask pAsLsXsFs issued=1
2015-01-12 15:05:28.707483 7f8a4f7fe700 10 client.4377 fill_stat on 10000000000 snap/devhead mode 040775 mtime 2015-01-12 15:05:23.340195 ctime 2015-01-12 15:05:23.340195
2015-01-12 15:05:28.707494 7f8a4f7fe700  3 client.4377 ll_getattr 10000000000.head = 0
2015-01-12 15:05:28.707508 7f8a4f7fe700  3 client.4377 ll_forget 10000000000 1
2015-01-12 15:05:28.707537 7f8a4e7fc700  3 client.4377 ll_lookup 0x7f8a58011ce0 #test-dir.0
2015-01-12 15:05:28.707554 7f8a4e7fc700 10 client.4377 _lookup 10000000000.head(ref=3 ll_ref=2110 cap_refs={} open={} mode=40775 size=0/0 mtime=2015-01-12 15:05:23.340195 caps=pAsLsXsFs(0=pAsLsXsFs) COMPLETE parents=0x7f8a48003000 0x7f8a58011ce0) #test-dir.0 = 10000000001.head(ref=3 ll_ref=2106 cap_refs={} open={} mode=40775 size=0/0 mtime=2015-01-12 15:05:23.342552 caps=pAsLsXsFs(0=pAsLsXsFs) COMPLETE parents=0x7f8a48004d00 0x7f8a58014860)
2015-01-12 15:05:28.707589 7f8a4e7fc700 10 client.4377 fill_stat on 10000000001 snap/devhead mode 040775 mtime 2015-01-12 15:05:23.342552 ctime 2015-01-12 15:05:23.342552
2015-01-12 15:05:28.707598 7f8a4e7fc700  3 client.4377 ll_lookup 0x7f8a58011ce0 #test-dir.0 -> 0 (10000000001)
2015-01-12 15:05:28.707609 7f8a4e7fc700  3 client.4377 ll_forget 10000000000 1
2015-01-12 15:05:28.707641 7f8a4effd700  3 client.4377 ll_getattr 10000000001.head
2015-01-12 15:05:28.707654 7f8a4effd700 10 client.4377 _getattr mask pAsLsXsFs issued=1
2015-01-12 15:05:28.707663 7f8a4effd700 10 client.4377 fill_stat on 10000000001 snap/devhead mode 040775 mtime 2015-01-12 15:05:23.342552 ctime 2015-01-12 15:05:23.342552
2015-01-12 15:05:28.707673 7f8a4effd700  3 client.4377 ll_getattr 10000000001.head = 0
2015-01-12 15:05:28.707684 7f8a4effd700  3 client.4377 ll_forget 10000000001 1
2015-01-12 15:05:28.707713 7f8a4ffff700  3 client.4377 ll_lookup 0x7f8a58014860 mdtest_tree.0
2015-01-12 15:05:28.707722 7f8a4ffff700 10 client.4377 _lookup 10000000001.head(ref=3 ll_ref=2108 cap_refs={} open={} mode=40775 size=0/0 mtime=2015-01-12 15:05:23.342552 caps=pAsLsXsFs(0=pAsLsXsFs) COMPLETE parents=0x7f8a48004d00 0x7f8a58014860) mdtest_tree.0 = 10000000002.head(ref=105 ll_ref=2105 cap_refs={} open={} mode=40775 size=0/0 mtime=2015-01-12 15:05:28.705759 caps=pAsLsXsFsx(0=pAsLsXsFsx) parents=0x7f8a480066e0 0x7f8a58018690)
2015-01-12 15:05:28.707752 7f8a4ffff700 10 client.4377 fill_stat on 10000000002 snap/devhead mode 040775 mtime 2015-01-12 15:05:28.705759 ctime 2015-01-12 15:05:28.705759
2015-01-12 15:05:28.707762 7f8a4ffff700  3 client.4377 ll_lookup 0x7f8a58014860 mdtest_tree.0 -> 0 (10000000002)
2015-01-12 15:05:28.707773 7f8a4ffff700  3 client.4377 ll_forget 10000000001 1
2015-01-12 15:05:28.707797 7f8a4f7fe700  3 client.4377 ll_getattr 10000000002.head
2015-01-12 15:05:28.707809 7f8a4f7fe700 10 client.4377 _getattr mask pAsLsXsFs issued=1
2015-01-12 15:05:28.707816 7f8a4f7fe700 10 client.4377 fill_stat on 10000000002 snap/devhead mode 040775 mtime 2015-01-12 15:05:28.705759 ctime 2015-01-12 15:05:28.705759
2015-01-12 15:05:28.707828 7f8a4f7fe700  3 client.4377 ll_getattr 10000000002.head = 0
2015-01-12 15:05:28.707839 7f8a4f7fe700  3 client.4377 ll_forget 10000000002 1
2015-01-12 15:05:28.707868 7f8a4e7fc700  3 client.4377 ll_lookup 0x7f8a58018690 file.mdtest.0.2104
2015-01-12 15:05:28.707877 7f8a4e7fc700 10 client.4377 _do_lookup on #10000000002/file.mdtest.0.2104
2015-01-12 15:05:28.707885 7f8a4e7fc700 10 client.4377 choose_target_mds from caps on inode 10000000002.head(ref=106 ll_ref=2107 cap_refs={} open={} mode=40775 size=0/0 mtime=2015-01-12 15:05:28.705759 caps=pAsLsXsFsx(0=pAsLsXsFsx) parents=0x7f8a480066e0 0x7f8a58018690)
2015-01-12 15:05:28.707907 7f8a4e7fc700 10 client.4377 send_request rebuilding request 2119 for mds.0
2015-01-12 15:05:28.707916 7f8a4e7fc700 10 client.4377 send_request client_request(unknown.0:2119 lookup #10000000002/file.mdtest.0.2104 2015-01-12 15:05:28.707881) v2 to mds.0
2015-01-12 15:05:28.708522 7f8a67fff700 10 client.4377 insert_trace from 2015-01-12 15:05:28.707914 mds.0 is_target=0 is_dentry=1
2015-01-12 15:05:28.708529 7f8a67fff700 10 client.4377  features 0xffffffffffff
2015-01-12 15:05:28.708533 7f8a67fff700 10 client.4377 update_snap_trace len 48
2015-01-12 15:05:28.708537 7f8a67fff700 10 client.4377 update_snap_trace snaprealm(1 nref=2109 c=0 seq=1 parent=0 my_snaps=[] cached_snapc=0=[]) seq 1 <= 1 and same parent, SKIPPING
2015-01-12 15:05:28.708543 7f8a67fff700 10 client.4377  hrm  is_target=0 is_dentry=1
2015-01-12 15:05:28.708551 7f8a67fff700 10 client.4377 update_inode_file_bits 10000000002.head(ref=106 ll_ref=2107 cap_refs={} open={} mode=40775 size=0/0 mtime=2015-01-12 15:05:28.705759 caps=pAsLsXsFsx(0=pAsLsXsFsx) parents=0x7f8a480066e0 0x7f8a58018690) pAsLsXsFsx mtime 2015-01-12 15:05:28.705759
2015-01-12 15:05:28.708574 7f8a67fff700 10 client.4377 add_update_cap issued pAsLsXsFsx -> pAsLsXsFsx from mds.0 on 10000000002.head(ref=106 ll_ref=2107 cap_refs={} open={} mode=40775 size=0/0 mtime=2015-01-12 15:05:28.705759 caps=pAsLsXsFsx(0=pAsLsXsFsx) parents=0x7f8a480066e0 0x7f8a58018690)
2015-01-12 15:05:28.708615 7f8a4e7fc700 10 client.4377 _do_lookup res is -2
2015-01-12 15:05:28.708622 7f8a4e7fc700 10 client.4377 _lookup 10000000002.head(ref=106 ll_ref=2107 cap_refs={} open={} mode=40775 size=0/0 mtime=2015-01-12 15:05:28.705759 caps=pAsLsXsFsx(0=pAsLsXsFsx) parents=0x7f8a480066e0 0x7f8a58018690) file.mdtest.0.2104 = -2
2015-01-12 15:05:28.708640 7f8a4e7fc700  3 client.4377 ll_lookup 0x7f8a58018690 file.mdtest.0.2104 -> -2 (0)
2015-01-12 15:05:28.708657 7f8a4e7fc700  3 client.4377 ll_forget 10000000002 1
2015-01-12 15:05:28.708677 7f8a67fff700 10 client.4377 put_inode on 10000000002.head(ref=106 ll_ref=2106 cap_refs={} open={} mode=40775 size=0/0 mtime=2015-01-12 15:05:28.705759 caps=pAsLsXsFsx(0=pAsLsXsFsx) parents=0x7f8a480066e0 0x7f8a58018690)
2015-01-12 15:05:28.708788 7f8a4effd700  3 client.4377 ll_getattr 10000000002.head
2015-01-12 15:05:28.708800 7f8a4effd700 10 client.4377 _getattr mask pAsLsXsFs issued=1
2015-01-12 15:05:28.708809 7f8a4effd700 10 client.4377 fill_stat on 10000000002 snap/devhead mode 040775 mtime 2015-01-12 15:05:28.705759 ctime 2015-01-12 15:05:28.705759
2015-01-12 15:05:28.708821 7f8a4effd700  3 client.4377 ll_getattr 10000000002.head = 0
2015-01-12 15:05:28.708832 7f8a4effd700  3 client.4377 ll_forget 10000000002 1
2015-01-12 15:05:28.708862 7f8a4ffff700  3 client.4377 ll_create 10000000002.head file.mdtest.0.2104 0100664 33345, uid 10031, gid 10031
2015-01-12 15:05:28.708875 7f8a4ffff700 10 client.4377 _do_lookup on #10000000002/file.mdtest.0.2104
2015-01-12 15:05:28.708883 7f8a4ffff700 10 client.4377 choose_target_mds from caps on inode 10000000002.head(ref=106 ll_ref=2107 cap_refs={} open={} mode=40775 size=0/0 mtime=2015-01-12 15:05:28.705759 caps=pAsLsXsFsx(0=pAsLsXsFsx) parents=0x7f8a480066e0 0x7f8a58018690)
2015-01-12 15:05:28.708906 7f8a4ffff700 10 client.4377 send_request rebuilding request 2120 for mds.0
2015-01-12 15:05:28.708915 7f8a4ffff700 10 client.4377 send_request client_request(unknown.0:2120 lookup #10000000002/file.mdtest.0.2104 2015-01-12 15:05:28.708880) v2 to mds.0
2015-01-12 15:05:28.709511 7f8a67fff700 10 client.4377 insert_trace from 2015-01-12 15:05:28.708913 mds.0 is_target=0 is_dentry=0
2015-01-12 15:05:28.709519 7f8a67fff700 10 client.4377 insert_trace -- no trace
2015-01-12 15:05:28.709561 7f8a4ffff700 10 client.4377 _do_lookup res is -2
2015-01-12 15:05:28.709569 7f8a4ffff700 10 client.4377 _lookup 10000000002.head(ref=106 ll_ref=2107 cap_refs={} open={} mode=40775 size=0/0 mtime=2015-01-12 15:05:28.705759 caps=pAsLsXsFsx(0=pAsLsXsFsx) parents=0x7f8a480066e0 0x7f8a58018690) file.mdtest.0.2104 = -2
2015-01-12 15:05:28.709587 7f8a4ffff700  3 client.4377 _create(10000000002 file.mdtest.0.2104, 0100664)
2015-01-12 15:05:28.709599 7f8a4ffff700 10 client.4377 choose_target_mds from caps on inode 10000000002.head(ref=107 ll_ref=2107 cap_refs={} open={} mode=40775 size=0/0 mtime=2015-01-12 15:05:28.705759 caps=pAsLsXsFsx(0=pAsLsXsFsx) parents=0x7f8a480066e0 0x7f8a58018690)
2015-01-12 15:05:28.709614 7f8a4ffff700 10 client.4377 send_request rebuilding request 2121 for mds.0
2015-01-12 15:05:28.709623 7f8a4ffff700 10 client.4377 send_request client_request(unknown.0:2121 create #10000000002/file.mdtest.0.2104 2015-01-12 15:05:28.709596) v2 to mds.0
2015-01-12 15:05:28.709659 7f8a67fff700 10 client.4377 put_inode on 10000000002.head(ref=107 ll_ref=2107 cap_refs={} open={} mode=40775 size=0/0 mtime=2015-01-12 15:05:28.705759 caps=pAsLsXsFsx(0=pAsLsXsFsx) parents=0x7f8a480066e0 0x7f8a58018690)
2015-01-12 15:05:28.710523 7f8a67fff700 10 client.4377 insert_trace from 2015-01-12 15:05:28.709621 mds.0 is_target=1 is_dentry=1
2015-01-12 15:05:28.710530 7f8a67fff700 10 client.4377  features 0xffffffffffff
2015-01-12 15:05:28.710535 7f8a67fff700 10 client.4377 update_snap_trace len 48
2015-01-12 15:05:28.710542 7f8a67fff700 10 client.4377 update_snap_trace snaprealm(1 nref=2109 c=0 seq=1 parent=0 my_snaps=[] cached_snapc=0=[]) seq 1 <= 1 and same parent, SKIPPING
2015-01-12 15:05:28.710550 7f8a67fff700 10 client.4377  hrm  is_target=1 is_dentry=1
2015-01-12 15:05:28.710584 7f8a67fff700 10 client.4377 update_inode_file_bits 1000000100d.head(ref=0 ll_ref=0 cap_refs={} open={} mode=100664 size=0/0 mtime=0.000000 caps=- objectset[1000000100d ts 0/0 objects 0 dirty_or_tx 0] 0x7f8a5853bee0) - mtime 2015-01-12 15:05:28.709596
2015-01-12 15:05:28.710605 7f8a67fff700 10 client.4377 add_update_cap issued - -> pAsxLsXsxFsxcrwb from mds.0 on 1000000100d.head(ref=0 ll_ref=0 cap_refs={} open={} mode=100664 size=0/0 mtime=2015-01-12 15:05:28.709596 caps=pAsxLsXsxFsxcrwb(0=pAsxLsXsxFsxcrwb) objectset[1000000100d ts 0/0 objects 0 dirty_or_tx 0] 0x7f8a5853bee0)
2015-01-12 15:05:28.710633 7f8a67fff700 10 client.4377 update_inode_file_bits 10000000002.head(ref=106 ll_ref=2107 cap_refs={} open={} mode=40775 size=0/0 mtime=2015-01-12 15:05:28.705759 caps=pAsLsXsFsx(0=pAsLsXsFsx) parents=0x7f8a480066e0 0x7f8a58018690) pAsLsXsFsx mtime 2015-01-12 15:05:28.709596
2015-01-12 15:05:28.710658 7f8a67fff700 10 client.4377 add_update_cap issued pAsLsXsFsx -> pAsLsXsFsx from mds.0 on 10000000002.head(ref=106 ll_ref=2107 cap_refs={} open={} mode=40775 size=0/0 mtime=2015-01-12 15:05:28.709596 caps=pAsLsXsFsx(0=pAsLsXsFsx) parents=0x7f8a480066e0 0x7f8a58018690)
2015-01-12 15:05:28.710692 7f8a67fff700 10 client.4377 put_inode on 1000000100d.head(ref=2 ll_ref=0 cap_refs={} open={} mode=100664 size=0/4194304 mtime=2015-01-12 15:05:28.709596 caps=pAsxLsXsxFsxcrwb(0=pAsxLsXsxFsxcrwb) objectset[1000000100d ts 0/0 objects 0 dirty_or_tx 0] parents=0x7f8a48037ef0 0x7f8a5853bee0)
2015-01-12 15:05:28.710731 7f8a4ffff700 10 client.4377 make_request created ino 1000000100d
2015-01-12 15:05:28.710740 7f8a4ffff700 10 client.4377 _create_fh 1000000100d mode 2
2015-01-12 15:05:28.710746 7f8a4ffff700  3 client.4377 create(#10000000002/file.mdtest.0.2104, 0100664 layout 0 0 0) = 0
2015-01-12 15:05:28.710751 7f8a4ffff700 10 client.4377 fill_stat on 1000000100d snap/devhead mode 0100664 mtime 2015-01-12 15:05:28.709596 ctime 2015-01-12 15:05:28.709596
2015-01-12 15:05:28.710761 7f8a4ffff700  3 client.4377 ll_create 0x7f8a58018690 file.mdtest.0.2104 0100664 33345 = 0 (0x7f8a480e5d10 1000000100d)
2015-01-12 15:05:28.710776 7f8a4ffff700  3 client.4377 ll_forget 10000000002 1
2015-01-12 15:05:28.710816 7f8a4f7fe700  3 client.4377 ll_getattr 1000000100d.head
2015-01-12 15:05:28.710828 7f8a4f7fe700 10 client.4377 _getattr mask pAsLsXsFs issued=1
2015-01-12 15:05:28.710835 7f8a4f7fe700 10 client.4377 fill_stat on 1000000100d snap/devhead mode 0100664 mtime 2015-01-12 15:05:28.709596 ctime 2015-01-12 15:05:28.709596
2015-01-12 15:05:28.710846 7f8a4f7fe700  3 client.4377 ll_getattr 1000000100d.head = 0
2015-01-12 15:05:28.710858 7f8a4f7fe700  3 client.4377 ll_forget 1000000100d 1
2015-01-12 15:05:28.710894 7f8a4e7fc700  3 client.4377 ll_flush 0x7f8a480e5d10 1000000100d 
2015-01-12 15:05:28.710903 7f8a4e7fc700 10 client.4377 _flush: 0x7f8a480e5d10 on inode 1000000100d.head(ref=3 ll_ref=1 cap_refs={} open={2=1} mode=100664 size=0/4194304 mtime=2015-01-12 15:05:28.709596 caps=pAsxLsXsxFsxcrwb(0=pAsxLsXsxFsxcrwb) objectset[1000000100d ts 0/0 objects 0 dirty_or_tx 0] parents=0x7f8a48037ef0 0x7f8a5853bee0) no async_err state
2015-01-12 15:05:28.710970 7f8a4effd700  3 client.4377 ll_release (fh)0x7f8a480e5d10 1000000100d 
2015-01-12 15:05:28.710979 7f8a4effd700  5 client.4377 _release_fh 0x7f8a480e5d10 mode 2 on 1000000100d.head(ref=3 ll_ref=1 cap_refs={} open={2=1} mode=100664 size=0/4194304 mtime=2015-01-12 15:05:28.709596 caps=pAsxLsXsxFsxcrwb(0=pAsxLsXsxFsxcrwb) objectset[1000000100d ts 0/0 objects 0 dirty_or_tx 0] parents=0x7f8a48037ef0 0x7f8a5853bee0)
2015-01-12 15:05:28.711003 7f8a4effd700 10 client.4377 _flush 1000000100d.head(ref=4 ll_ref=1 cap_refs={} open={2=0} mode=100664 size=0/4194304 mtime=2015-01-12 15:05:28.709596 caps=pAsxLsXsxFsxcrwb(0=pAsxLsXsxFsxcrwb) objectset[1000000100d ts 0/0 objects 0 dirty_or_tx 0] parents=0x7f8a48037ef0 0x7f8a5853bee0)
2015-01-12 15:05:28.711028 7f8a4effd700 10 client.4377  nothing to flush
2015-01-12 15:05:28.711033 7f8a4effd700 10 client.4377 put_inode on 1000000100d.head(ref=4 ll_ref=1 cap_refs={} open={2=0} mode=100664 size=0/4194304 mtime=2015-01-12 15:05:28.709596 caps=pAsxLsXsxFsxcrwb(0=pAsxLsXsxFsxcrwb) objectset[1000000100d ts 0/0 objects 0 dirty_or_tx 0] parents=0x7f8a48037ef0 0x7f8a5853bee0)
2015-01-12 15:05:28.711054 7f8a4effd700 10 client.4377 check_caps on 1000000100d.head(ref=3 ll_ref=1 cap_refs={1024=0} open={2=0} mode=100664 size=0/4194304 mtime=2015-01-12 15:05:28.709596 caps=pAsxLsXsxFsxcrwb(0=pAsxLsXsxFsxcrwb) objectset[1000000100d ts 0/0 objects 0 dirty_or_tx 0] parents=0x7f8a48037ef0 0x7f8a5853bee0) wanted - used - is_delayed=0
2015-01-12 15:05:28.711077 7f8a4effd700 10 client.4377 cap_delay_requeue on 1000000100d.head(ref=3 ll_ref=1 cap_refs={1024=0} open={2=0} mode=100664 size=0/4194304 mtime=2015-01-12 15:05:28.709596 caps=pAsxLsXsxFsxcrwb(0=pAsxLsXsxFsxcrwb) objectset[1000000100d ts 0/0 objects 0 dirty_or_tx 0] parents=0x7f8a48037ef0 0x7f8a5853bee0)
2015-01-12 15:05:28.711109 7f8a4effd700 10 client.4377  cap mds.0 issued pAsxLsXsxFsxcrwb implemented pAsxLsXsxFsxcrwb revoking -
2015-01-12 15:05:28.711120 7f8a4effd700 10 client.4377 delaying cap release
2015-01-12 15:05:28.711124 7f8a4effd700 10 client.4377 _release_fh 0x7f8a480e5d10 on inode 1000000100d.head(ref=3 ll_ref=1 cap_refs={1024=0} open={2=0} mode=100664 size=0/4194304 mtime=2015-01-12 15:05:28.709596 caps=pAsxLsXsxFsxcrwb(0=pAsxLsXsxFsxcrwb) objectset[1000000100d ts 0/0 objects 0 dirty_or_tx 0] parents=0x7f8a48037ef0 0x7f8a5853bee0) no async_err state
2015-01-12 15:05:28.711144 7f8a4effd700 10 client.4377 put_inode on 1000000100d.head(ref=3 ll_ref=1 cap_refs={1024=0} open={2=0} mode=100664 size=0/4194304 mtime=2015-01-12 15:05:28.709596 caps=pAsxLsXsxFsxcrwb(0=pAsxLsXsxFsxcrwb) objectset[1000000100d ts 0/0 objects 0 dirty_or_tx 0] parents=0x7f8a48037ef0 0x7f8a5853bee0)
2015-01-12 15:05:28.711183 7f8a4ffff700  3 client.4377 ll_getattr 1.head
2015-01-12 15:05:28.711196 7f8a4ffff700 10 client.4377 _getattr mask pAsLsXsFs issued=1
2015-01-12 15:05:28.711204 7f8a4ffff700 10 client.4377 fill_stat on 1 snap/devhead mode 040755 mtime 2015-01-12 15:05:23.341682 ctime 2015-01-12 15:05:23.341682
2015-01-12 15:05:28.711216 7f8a4ffff700  3 client.4377 ll_getattr 1.head = 0
2015-01-12 15:05:28.711229 7f8a4ffff700  3 client.4377 ll_forget 1 1
2015-01-12 15:05:28.711256 7f8a4f7fe700  3 client.4377 ll_lookup 0x7f8a5800ad10 dir-0
2015-01-12 15:05:28.711268 7f8a4f7fe700 10 client.4377 _lookup 1.head(ref=3 ll_ref=4232 cap_refs={} open={} mode=40755 size=0/0 mtime=2015-01-12 15:05:23.341682 caps=pAsLsXsFs(0=pAsLsXsFs) has_dir_layout 0x7f8a5800ad10) dir-0 = 10000000000.head(ref=3 ll_ref=2109 cap_refs={} open={} mode=40775 size=0/0 mtime=2015-01-12 15:05:23.340195 caps=pAsLsXsFs(0=pAsLsXsFs) COMPLETE parents=0x7f8a48003000 0x7f8a58011ce0)
2015-01-12 15:05:28.711301 7f8a4f7fe700 10 client.4377 fill_stat on 10000000000 snap/devhead mode 040775 mtime 2015-01-12 15:05:23.340195 ctime 2015-01-12 15:05:23.340195
2015-01-12 15:05:28.711313 7f8a4f7fe700  3 client.4377 ll_lookup 0x7f8a5800ad10 dir-0 -> 0 (10000000000)
2015-01-12 15:05:28.711325 7f8a4f7fe700  3 client.4377 ll_forget 1 1
2015-01-12 15:05:28.711360 7f8a4e7fc700  3 client.4377 ll_getattr 10000000000.head
2015-01-12 15:05:28.711373 7f8a4e7fc700 10 client.4377 _getattr mask pAsLsXsFs issued=1
2015-01-12 15:05:28.711381 7f8a4e7fc700 10 client.4377 fill_stat on 10000000000 snap/devhead mode 040775 mtime 2015-01-12 15:05:23.340195 ctime 2015-01-12 15:05:23.340195
2015-01-12 15:05:28.711393 7f8a4e7fc700  3 client.4377 ll_getattr 10000000000.head = 0
2015-01-12 15:05:28.711404 7f8a4e7fc700  3 client.4377 ll_forget 10000000000 1
2015-01-12 15:05:28.711436 7f8a4effd700  3 client.4377 ll_lookup 0x7f8a58011ce0 #test-dir.0
2015-01-12 15:05:28.711453 7f8a4effd700 10 client.4377 _lookup 10000000000.head(ref=3 ll_ref=2111 cap_refs={} open={} mode=40775 size=0/0 mtime=2015-01-12 15:05:23.340195 caps=pAsLsXsFs(0=pAsLsXsFs) COMPLETE parents=0x7f8a48003000 0x7f8a58011ce0) #test-dir.0 = 10000000001.head(ref=3 ll_ref=2107 cap_refs={} open={} mode=40775 size=0/0 mtime=2015-01-12 15:05:23.342552 caps=pAsLsXsFs(0=pAsLsXsFs) COMPLETE parents=0x7f8a48004d00 0x7f8a58014860)
2015-01-12 15:05:28.711490 7f8a4effd700 10 client.4377 fill_stat on 10000000001 snap/devhead mode 040775 mtime 2015-01-12 15:05:23.342552 ctime 2015-01-12 15:05:23.342552
2015-01-12 15:05:28.711500 7f8a4effd700  3 client.4377 ll_lookup 0x7f8a58011ce0 #test-dir.0 -> 0 (10000000001)
2015-01-12 15:05:28.711512 7f8a4effd700  3 client.4377 ll_forget 10000000000 1
2015-01-12 15:05:28.711544 7f8a4ffff700  3 client.4377 ll_getattr 10000000001.head
2015-01-12 15:05:28.711555 7f8a4ffff700 10 client.4377 _getattr mask pAsLsXsFs issued=1
2015-01-12 15:05:28.711562 7f8a4ffff700 10 client.4377 fill_stat on 10000000001 snap/devhead mode 040775 mtime 2015-01-12 15:05:23.342552 ctime 2015-01-12 15:05:23.342552
2015-01-12 15:05:28.711573 7f8a4ffff700  3 client.4377 ll_getattr 10000000001.head = 0
2015-01-12 15:05:28.711584 7f8a4ffff700  3 client.4377 ll_forget 10000000001 1
2015-01-12 15:05:28.711609 7f8a4f7fe700  3 client.4377 ll_lookup 0x7f8a58014860 mdtest_tree.0
2015-01-12 15:05:28.711620 7f8a4f7fe700 10 client.4377 _lookup 10000000001.head(ref=3 ll_ref=2109 cap_refs={} open={} mode=40775 size=0/0 mtime=2015-01-12 15:05:23.342552 caps=pAsLsXsFs(0=pAsLsXsFs) COMPLETE parents=0x7f8a48004d00 0x7f8a58014860) mdtest_tree.0 = 10000000002.head(ref=106 ll_ref=2106 cap_refs={} open={} mode=40775 size=0/0 mtime=2015-01-12 15:05:28.709596 caps=pAsLsXsFsx(0=pAsLsXsFsx) parents=0x7f8a480066e0 0x7f8a58018690)
2015-01-12 15:05:28.711652 7f8a4f7fe700 10 client.4377 fill_stat on 10000000002 snap/devhead mode 040775 mtime 2015-01-12 15:05:28.709596 ctime 2015-01-12 15:05:28.709596
2015-01-12 15:05:28.711663 7f8a4f7fe700  3 client.4377 ll_lookup 0x7f8a58014860 mdtest_tree.0 -> 0 (10000000002)
2015-01-12 15:05:28.711675 7f8a4f7fe700  3 client.4377 ll_forget 10000000001 1
2015-01-12 15:05:28.711687 7f8a4f7fe700  3 client.4377 ll_getattr 10000000002.head
2015-01-12 15:05:28.711694 7f8a4f7fe700 10 client.4377 _getattr mask pAsLsXsFs issued=1
2015-01-12 15:05:28.711701 7f8a4f7fe700 10 client.4377 fill_stat on 10000000002 snap/devhead mode 040775 mtime 2015-01-12 15:05:28.709596 ctime 2015-01-12 15:05:28.709596
2015-01-12 15:05:28.711711 7f8a4f7fe700  3 client.4377 ll_getattr 10000000002.head = 0
2015-01-12 15:05:28.711722 7f8a4f7fe700  3 client.4377 ll_forget 10000000002 1
2015-01-12 15:05:28.711753 7f8a4e7fc700  3 client.4377 ll_lookup 0x7f8a58018690 file.mdtest.0.2105
2015-01-12 15:05:28.711772 7f8a4e7fc700 10 client.4377 _do_lookup on #10000000002/file.mdtest.0.2105
2015-01-12 15:05:28.711781 7f8a4e7fc700 10 client.4377 choose_target_mds from caps on inode 10000000002.head(ref=107 ll_ref=2108 cap_refs={} open={} mode=40775 size=0/0 mtime=2015-01-12 15:05:28.709596 caps=pAsLsXsFsx(0=pAsLsXsFsx) parents=0x7f8a480066e0 0x7f8a58018690)
2015-01-12 15:05:28.711798 7f8a4e7fc700 10 client.4377 send_request rebuilding request 2122 for mds.0
2015-01-12 15:05:28.711807 7f8a4e7fc700 10 client.4377 send_request client_request(unknown.0:2122 lookup #10000000002/file.mdtest.0.2105 2015-01-12 15:05:28.711777) v2 to mds.0
2015-01-12 15:05:28.712382 7f8a67fff700 10 client.4377 insert_trace from 2015-01-12 15:05:28.711804 mds.0 is_target=0 is_dentry=1
2015-01-12 15:05:28.712391 7f8a67fff700 10 client.4377  features 0xffffffffffff
2015-01-12 15:05:28.712395 7f8a67fff700 10 client.4377 update_snap_trace len 48
2015-01-12 15:05:28.712399 7f8a67fff700 10 client.4377 update_snap_trace snaprealm(1 nref=2110 c=0 seq=1 parent=0 my_snaps=[] cached_snapc=0=[]) seq 1 <= 1 and same parent, SKIPPING
2015-01-12 15:05:28.712405 7f8a67fff700 10 client.4377  hrm  is_target=0 is_dentry=1
2015-01-12 15:05:28.712413 7f8a67fff700 10 client.4377 update_inode_file_bits 10000000002.head(ref=107 ll_ref=2108 cap_refs={} open={} mode=40775 size=0/0 mtime=2015-01-12 15:05:28.709596 caps=pAsLsXsFsx(0=pAsLsXsFsx) parents=0x7f8a480066e0 0x7f8a58018690) pAsLsXsFsx mtime 2015-01-12 15:05:28.709596
2015-01-12 15:05:28.712437 7f8a67fff700 10 client.4377 add_update_cap issued pAsLsXsFsx -> pAsLsXsFsx from mds.0 on 10000000002.head(ref=107 ll_ref=2108 cap_refs={} open={} mode=40775 size=0/0 mtime=2015-01-12 15:05:28.709596 caps=pAsLsXsFsx(0=pAsLsXsFsx) parents=0x7f8a480066e0 0x7f8a58018690)
2015-01-12 15:05:28.712482 7f8a4e7fc700 10 client.4377 _do_lookup res is -2
2015-01-12 15:05:28.712489 7f8a4e7fc700 10 client.4377 _lookup 10000000002.head(ref=107 ll_ref=2108 cap_refs={} open={} mode=40775 size=0/0 mtime=2015-01-12 15:05:28.709596 caps=pAsLsXsFsx(0=pAsLsXsFsx) parents=0x7f8a480066e0 0x7f8a58018690) file.mdtest.0.2105 = -2
2015-01-12 15:05:28.712507 7f8a4e7fc700  3 client.4377 ll_lookup 0x7f8a58018690 file.mdtest.0.2105 -> -2 (0)
2015-01-12 15:05:28.712524 7f8a4e7fc700  3 client.4377 ll_forget 10000000002 1
2015-01-12 15:05:28.712545 7f8a67fff700 10 client.4377 put_inode on 10000000002.head(ref=107 ll_ref=2107 cap_refs={} open={} mode=40775 size=0/0 mtime=2015-01-12 15:05:28.709596 caps=pAsLsXsFsx(0=pAsLsXsFsx) parents=0x7f8a480066e0 0x7f8a58018690)
2015-01-12 15:05:28.712615 7f8a4effd700  3 client.4377 ll_getattr 10000000002.head
2015-01-12 15:05:28.712627 7f8a4effd700 10 client.4377 _getattr mask pAsLsXsFs issued=1
2015-01-12 15:05:28.712634 7f8a4effd700 10 client.4377 fill_stat on 10000000002 snap/devhead mode 040775 mtime 2015-01-12 15:05:28.709596 ctime 2015-01-12 15:05:28.709596
2015-01-12 15:05:28.712645 7f8a4effd700  3 client.4377 ll_getattr 10000000002.head = 0
2015-01-12 15:05:28.712656 7f8a4effd700  3 client.4377 ll_forget 10000000002 1
2015-01-12 15:05:28.712690 7f8a4ffff700  3 client.4377 ll_create 10000000002.head file.mdtest.0.2105 0100664 33345, uid 10031, gid 10031
2015-01-12 15:05:28.712708 7f8a4ffff700 10 client.4377 _do_lookup on #10000000002/file.mdtest.0.2105
2015-01-12 15:05:28.712716 7f8a4ffff700 10 client.4377 choose_target_mds from caps on inode 10000000002.head(ref=107 ll_ref=2108 cap_refs={} open={} mode=40775 size=0/0 mtime=2015-01-12 15:05:28.709596 caps=pAsLsXsFsx(0=pAsLsXsFsx) parents=0x7f8a480066e0 0x7f8a58018690)
2015-01-12 15:05:28.712734 7f8a4ffff700 10 client.4377 send_request rebuilding request 2123 for mds.0
2015-01-12 15:05:28.712742 7f8a4ffff700 10 client.4377 send_request client_request(unknown.0:2123 lookup #10000000002/file.mdtest.0.2105 2015-01-12 15:05:28.712712) v2 to mds.0
2015-01-12 15:05:28.713233 7f8a67fff700 10 client.4377 insert_trace from 2015-01-12 15:05:28.712740 mds.0 is_target=0 is_dentry=0
2015-01-12 15:05:28.713240 7f8a67fff700 10 client.4377 insert_trace -- no trace
2015-01-12 15:05:28.713285 7f8a4ffff700 10 client.4377 _do_lookup res is -2
2015-01-12 15:05:28.713293 7f8a4ffff700 10 client.4377 _lookup 10000000002.head(ref=107 ll_ref=2108 cap_refs={} open={} mode=40775 size=0/0 mtime=2015-01-12 15:05:28.709596 caps=pAsLsXsFsx(0=pAsLsXsFsx) parents=0x7f8a480066e0 0x7f8a58018690) file.mdtest.0.2105 = -2
2015-01-12 15:05:28.713311 7f8a4ffff700  3 client.4377 _create(10000000002 file.mdtest.0.2105, 0100664)
2015-01-12 15:05:28.713323 7f8a4ffff700 10 client.4377 choose_target_mds from caps on inode 10000000002.head(ref=108 ll_ref=2108 cap_refs={} open={} mode=40775 size=0/0 mtime=2015-01-12 15:05:28.709596 caps=pAsLsXsFsx(0=pAsLsXsFsx) parents=0x7f8a480066e0 0x7f8a58018690)
2015-01-12 15:05:28.713339 7f8a4ffff700 10 client.4377 send_request rebuilding request 2124 for mds.0
2015-01-12 15:05:28.713348 7f8a4ffff700 10 client.4377 send_request client_request(unknown.0:2124 create #10000000002/file.mdtest.0.2105 2015-01-12 15:05:28.713321) v2 to mds.0
